// Jest Snapshot v1, https://goo.gl/fbAQLP

exports[`<Profile /> component should match snapshot 1`] = `
<h1>
  No current user
</h1>
`;
